2015-06-25T14:39:16.151+0530: 0.927: Total time for which application threads were stopped: 0.0001610 seconds
2015-06-25T14:39:17.151+0530: 1.927: Total time for which application threads were stopped: 0.0001690 seconds
{Heap before GC invocations=0 (full 0):
 par new generation   total 109248K, used 87424K [0x8ac00000, 0x92c00000, 0x92c00000)
  eden space 87424K, 100% used [0x8ac00000, 0x90160000, 0x90160000)
  from space 21824K,   0% used [0x90160000, 0x90160000, 0x916b0000)
  to   space 21824K,   0% used [0x916b0000, 0x916b0000, 0x92c00000)
 concurrent mark-sweep generation total 393216K, used 0K [0x92c00000, 0xaac00000, 0xaac00000)
 concurrent-mark-sweep perm gen total 16384K, used 6925K [0xaac00000, 0xabc00000, 0xb2c00000)
2015-06-25T14:39:17.486+0530: 2.262: [GC2015-06-25T14:39:17.486+0530: 2.262: [ParNew
Desired survivor size 20112996 bytes, new threshold 8 (max 8)
- age   1:    4755080 bytes,    4755080 total
: 87424K->4670K(109248K), 0.0369210 secs] 87424K->4670K(502464K), 0.0370650 secs] [Times: user=0.06 sys=0.00, real=0.03 secs] 
Heap after GC invocations=1 (full 0):
 par new generation   total 109248K, used 4670K [0x8ac00000, 0x92c00000, 0x92c00000)
  eden space 87424K,   0% used [0x8ac00000, 0x8ac00000, 0x90160000)
  from space 21824K,  21% used [0x916b0000, 0x91b3f9b8, 0x92c00000)
  to   space 21824K,   0% used [0x90160000, 0x90160000, 0x916b0000)
 concurrent mark-sweep generation total 393216K, used 0K [0x92c00000, 0xaac00000, 0xaac00000)
 concurrent-mark-sweep perm gen total 16384K, used 6925K [0xaac00000, 0xabc00000, 0xb2c00000)
}
2015-06-25T14:39:17.523+0530: 2.299: Total time for which application threads were stopped: 0.0373040 seconds
2015-06-25T14:39:18.523+0530: 3.299: Total time for which application threads were stopped: 0.0001600 seconds
2015-06-25T14:39:19.005+0530: 3.781: Total time for which application threads were stopped: 0.0001460 seconds
2015-06-25T14:39:19.316+0530: 4.092: Total time for which application threads were stopped: 0.0003070 seconds
2015-06-25T14:39:19.798+0530: 4.574: Total time for which application threads were stopped: 0.0002010 seconds
2015-06-25T14:39:20.011+0530: 4.787: Total time for which application threads were stopped: 0.0001830 seconds
2015-06-25T14:39:20.012+0530: 4.788: Total time for which application threads were stopped: 0.0000790 seconds
2015-06-25T14:39:20.012+0530: 4.788: Total time for which application threads were stopped: 0.0000690 seconds
2015-06-25T14:39:20.085+0530: 4.861: Total time for which application threads were stopped: 0.0001020 seconds
2015-06-25T14:39:20.210+0530: 4.986: Total time for which application threads were stopped: 0.0000740 seconds
{Heap before GC invocations=1 (full 0):
 par new generation   total 109248K, used 92094K [0x8ac00000, 0x92c00000, 0x92c00000)
  eden space 87424K, 100% used [0x8ac00000, 0x90160000, 0x90160000)
  from space 21824K,  21% used [0x916b0000, 0x91b3f9b8, 0x92c00000)
  to   space 21824K,   0% used [0x90160000, 0x90160000, 0x916b0000)
 concurrent mark-sweep generation total 393216K, used 0K [0x92c00000, 0xaac00000, 0xaac00000)
 concurrent-mark-sweep perm gen total 16384K, used 12809K [0xaac00000, 0xabc00000, 0xb2c00000)
2015-06-25T14:39:20.940+0530: 5.716: [GC2015-06-25T14:39:20.940+0530: 5.716: [ParNew
Desired survivor size 20112996 bytes, new threshold 8 (max 8)
- age   1:    8225008 bytes,    8225008 total
- age   2:    1982392 bytes,   10207400 total
: 92094K->10373K(109248K), 0.0268820 secs] 92094K->10373K(502464K), 0.0269750 secs] [Times: user=0.03 sys=0.02, real=0.03 secs] 
Heap after GC invocations=2 (full 0):
 par new generation   total 109248K, used 10373K [0x8ac00000, 0x92c00000, 0x92c00000)
  eden space 87424K,   0% used [0x8ac00000, 0x8ac00000, 0x90160000)
  from space 21824K,  47% used [0x90160000, 0x90b81560, 0x916b0000)
  to   space 21824K,   0% used [0x916b0000, 0x916b0000, 0x92c00000)
 concurrent mark-sweep generation total 393216K, used 0K [0x92c00000, 0xaac00000, 0xaac00000)
 concurrent-mark-sweep perm gen total 16384K, used 12809K [0xaac00000, 0xabc00000, 0xb2c00000)
}
2015-06-25T14:39:20.967+0530: 5.743: Total time for which application threads were stopped: 0.0272360 seconds
2015-06-25T14:39:20.968+0530: 5.744: Total time for which application threads were stopped: 0.0000720 seconds
2015-06-25T14:39:20.968+0530: 5.744: Total time for which application threads were stopped: 0.0000560 seconds
2015-06-25T14:39:20.968+0530: 5.744: Total time for which application threads were stopped: 0.0000840 seconds
2015-06-25T14:39:20.970+0530: 5.746: Total time for which application threads were stopped: 0.0000300 seconds
2015-06-25T14:39:20.972+0530: 5.747: Total time for which application threads were stopped: 0.0000640 seconds
2015-06-25T14:39:20.972+0530: 5.748: Total time for which application threads were stopped: 0.0000410 seconds
2015-06-25T14:39:20.972+0530: 5.748: Total time for which application threads were stopped: 0.0000300 seconds
2015-06-25T14:39:20.972+0530: 5.748: Total time for which application threads were stopped: 0.0000270 seconds
2015-06-25T14:39:20.972+0530: 5.748: Total time for which application threads were stopped: 0.0000270 seconds
2015-06-25T14:39:20.972+0530: 5.748: Total time for which application threads were stopped: 0.0000380 seconds
2015-06-25T14:39:20.972+0530: 5.748: Total time for which application threads were stopped: 0.0000290 seconds
2015-06-25T14:39:20.972+0530: 5.748: Total time for which application threads were stopped: 0.0000370 seconds
2015-06-25T14:39:20.972+0530: 5.748: Total time for which application threads were stopped: 0.0000300 seconds
2015-06-25T14:39:20.972+0530: 5.748: Total time for which application threads were stopped: 0.0000250 seconds
2015-06-25T14:39:20.972+0530: 5.748: Total time for which application threads were stopped: 0.0000390 seconds
2015-06-25T14:39:20.972+0530: 5.748: Total time for which application threads were stopped: 0.0000240 seconds
2015-06-25T14:39:20.972+0530: 5.748: Total time for which application threads were stopped: 0.0000370 seconds
2015-06-25T14:39:20.972+0530: 5.748: Total time for which application threads were stopped: 0.0000260 seconds
2015-06-25T14:39:20.972+0530: 5.748: Total time for which application threads were stopped: 0.0000370 seconds
2015-06-25T14:39:20.973+0530: 5.749: Total time for which application threads were stopped: 0.0001110 seconds
2015-06-25T14:39:20.973+0530: 5.749: Total time for which application threads were stopped: 0.0000610 seconds
2015-06-25T14:39:20.973+0530: 5.749: Total time for which application threads were stopped: 0.0000480 seconds
2015-06-25T14:39:20.973+0530: 5.749: Total time for which application threads were stopped: 0.0000490 seconds
2015-06-25T14:39:20.974+0530: 5.749: Total time for which application threads were stopped: 0.0000590 seconds
2015-06-25T14:39:21.245+0530: 6.021: Total time for which application threads were stopped: 0.0001650 seconds
2015-06-25T14:39:21.246+0530: 6.022: Total time for which application threads were stopped: 0.0000900 seconds
2015-06-25T14:39:21.247+0530: 6.023: Total time for which application threads were stopped: 0.0000780 seconds
2015-06-25T14:39:21.247+0530: 6.023: Total time for which application threads were stopped: 0.0000800 seconds
2015-06-25T14:39:21.276+0530: 6.051: Total time for which application threads were stopped: 0.0000750 seconds
2015-06-25T14:39:21.278+0530: 6.053: Total time for which application threads were stopped: 0.0000730 seconds
2015-06-25T14:39:21.279+0530: 6.055: Total time for which application threads were stopped: 0.0000670 seconds
2015-06-25T14:39:21.421+0530: 6.197: Total time for which application threads were stopped: 0.0001160 seconds
{Heap before GC invocations=2 (full 0):
 par new generation   total 109248K, used 97797K [0x8ac00000, 0x92c00000, 0x92c00000)
  eden space 87424K, 100% used [0x8ac00000, 0x90160000, 0x90160000)
  from space 21824K,  47% used [0x90160000, 0x90b81560, 0x916b0000)
  to   space 21824K,   0% used [0x916b0000, 0x916b0000, 0x92c00000)
 concurrent mark-sweep generation total 393216K, used 0K [0x92c00000, 0xaac00000, 0xaac00000)
 concurrent-mark-sweep perm gen total 16384K, used 13953K [0xaac00000, 0xabc00000, 0xb2c00000)
2015-06-25T14:39:21.449+0530: 6.225: [GC2015-06-25T14:39:21.449+0530: 6.225: [ParNew
Desired survivor size 20112996 bytes, new threshold 8 (max 8)
- age   1:    1998288 bytes,    1998288 total
- age   2:    3149864 bytes,    5148152 total
- age   3:    1978008 bytes,    7126160 total
: 97797K->10065K(109248K), 0.0143950 secs] 97797K->10065K(502464K), 0.0145310 secs] [Times: user=0.04 sys=0.00, real=0.01 secs] 
Heap after GC invocations=3 (full 0):
 par new generation   total 109248K, used 10065K [0x8ac00000, 0x92c00000, 0x92c00000)
  eden space 87424K,   0% used [0x8ac00000, 0x8ac00000, 0x90160000)
  from space 21824K,  46% used [0x916b0000, 0x92084608, 0x92c00000)
  to   space 21824K,   0% used [0x90160000, 0x90160000, 0x916b0000)
 concurrent mark-sweep generation total 393216K, used 0K [0x92c00000, 0xaac00000, 0xaac00000)
 concurrent-mark-sweep perm gen total 16384K, used 13953K [0xaac00000, 0xabc00000, 0xb2c00000)
}
2015-06-25T14:39:21.463+0530: 6.239: Total time for which application threads were stopped: 0.0147780 seconds
2015-06-25T14:39:21.463+0530: 6.239: Total time for which application threads were stopped: 0.0000560 seconds
2015-06-25T14:39:21.463+0530: 6.239: Total time for which application threads were stopped: 0.0000440 seconds
2015-06-25T14:39:21.464+0530: 6.239: Total time for which application threads were stopped: 0.0000340 seconds
2015-06-25T14:39:21.464+0530: 6.239: Total time for which application threads were stopped: 0.0000230 seconds
2015-06-25T14:39:21.464+0530: 6.240: Total time for which application threads were stopped: 0.0000420 seconds
2015-06-25T14:39:21.465+0530: 6.240: Total time for which application threads were stopped: 0.0000360 seconds
2015-06-25T14:39:21.465+0530: 6.241: Total time for which application threads were stopped: 0.0000270 seconds
2015-06-25T14:39:21.465+0530: 6.241: Total time for which application threads were stopped: 0.0000460 seconds
2015-06-25T14:39:21.465+0530: 6.241: Total time for which application threads were stopped: 0.0000370 seconds
2015-06-25T14:39:21.465+0530: 6.241: Total time for which application threads were stopped: 0.0000260 seconds
2015-06-25T14:39:21.465+0530: 6.241: Total time for which application threads were stopped: 0.0000400 seconds
2015-06-25T14:39:21.465+0530: 6.241: Total time for which application threads were stopped: 0.0000300 seconds
2015-06-25T14:39:21.465+0530: 6.241: Total time for which application threads were stopped: 0.0000340 seconds
2015-06-25T14:39:21.465+0530: 6.241: Total time for which application threads were stopped: 0.0000380 seconds
2015-06-25T14:39:21.465+0530: 6.241: Total time for which application threads were stopped: 0.0000380 seconds
2015-06-25T14:39:21.465+0530: 6.241: Total time for which application threads were stopped: 0.0000250 seconds
2015-06-25T14:39:21.465+0530: 6.241: Total time for which application threads were stopped: 0.0000360 seconds
2015-06-25T14:39:21.465+0530: 6.241: Total time for which application threads were stopped: 0.0000370 seconds
2015-06-25T14:39:21.465+0530: 6.241: Total time for which application threads were stopped: 0.0000370 seconds
2015-06-25T14:39:21.465+0530: 6.241: Total time for which application threads were stopped: 0.0000730 seconds
2015-06-25T14:39:21.466+0530: 6.242: Total time for which application threads were stopped: 0.0000400 seconds
2015-06-25T14:39:21.466+0530: 6.242: Total time for which application threads were stopped: 0.0000430 seconds
{Heap before GC invocations=3 (full 0):
 par new generation   total 109248K, used 97489K [0x8ac00000, 0x92c00000, 0x92c00000)
  eden space 87424K, 100% used [0x8ac00000, 0x90160000, 0x90160000)
  from space 21824K,  46% used [0x916b0000, 0x92084608, 0x92c00000)
  to   space 21824K,   0% used [0x90160000, 0x90160000, 0x916b0000)
 concurrent mark-sweep generation total 393216K, used 0K [0x92c00000, 0xaac00000, 0xaac00000)
 concurrent-mark-sweep perm gen total 16384K, used 14499K [0xaac00000, 0xabc00000, 0xb2c00000)
2015-06-25T14:39:21.757+0530: 6.533: [GC2015-06-25T14:39:21.757+0530: 6.533: [ParNew
Desired survivor size 20112996 bytes, new threshold 8 (max 8)
- age   1:     692184 bytes,     692184 total
- age   2:     773128 bytes,    1465312 total
- age   3:    3140112 bytes,    4605424 total
- age   4:    1977688 bytes,    6583112 total
: 97489K->8089K(109248K), 0.0091540 secs] 97489K->8089K(502464K), 0.0092680 secs] [Times: user=0.03 sys=0.00, real=0.01 secs] 
Heap after GC invocations=4 (full 0):
 par new generation   total 109248K, used 8089K [0x8ac00000, 0x92c00000, 0x92c00000)
  eden space 87424K,   0% used [0x8ac00000, 0x8ac00000, 0x90160000)
  from space 21824K,  37% used [0x90160000, 0x90946778, 0x916b0000)
  to   space 21824K,   0% used [0x916b0000, 0x916b0000, 0x92c00000)
 concurrent mark-sweep generation total 393216K, used 0K [0x92c00000, 0xaac00000, 0xaac00000)
 concurrent-mark-sweep perm gen total 16384K, used 14499K [0xaac00000, 0xabc00000, 0xb2c00000)
}
2015-06-25T14:39:21.767+0530: 6.543: Total time for which application threads were stopped: 0.0095210 seconds
2015-06-25T14:39:21.890+0530: 6.666: Total time for which application threads were stopped: 0.0000620 seconds
2015-06-25T14:39:21.905+0530: 6.681: Total time for which application threads were stopped: 0.0000940 seconds
2015-06-25T14:39:21.918+0530: 6.694: Total time for which application threads were stopped: 0.0000710 seconds
2015-06-25T14:39:21.923+0530: 6.699: Total time for which application threads were stopped: 0.0000610 seconds
2015-06-25T14:39:21.926+0530: 6.702: Total time for which application threads were stopped: 0.0001520 seconds
2015-06-25T14:39:21.933+0530: 6.709: Total time for which application threads were stopped: 0.0000590 seconds
2015-06-25T14:39:21.934+0530: 6.710: Total time for which application threads were stopped: 0.0000350 seconds
2015-06-25T14:39:21.937+0530: 6.713: Total time for which application threads were stopped: 0.0001620 seconds
2015-06-25T14:39:22.165+0530: 6.941: Total time for which application threads were stopped: 0.0001330 seconds
2015-06-25T14:39:22.255+0530: 7.031: Total time for which application threads were stopped: 0.0001190 seconds
2015-06-25T14:39:22.459+0530: 7.235: Total time for which application threads were stopped: 0.0001070 seconds
2015-06-25T14:39:22.521+0530: 7.297: Total time for which application threads were stopped: 0.0000870 seconds
{Heap before GC invocations=4 (full 0):
 par new generation   total 109248K, used 95513K [0x8ac00000, 0x92c00000, 0x92c00000)
  eden space 87424K, 100% used [0x8ac00000, 0x90160000, 0x90160000)
  from space 21824K,  37% used [0x90160000, 0x90946778, 0x916b0000)
  to   space 21824K,   0% used [0x916b0000, 0x916b0000, 0x92c00000)
 concurrent mark-sweep generation total 393216K, used 0K [0x92c00000, 0xaac00000, 0xaac00000)
 concurrent-mark-sweep perm gen total 17536K, used 17484K [0xaac00000, 0xabd20000, 0xb2c00000)
2015-06-25T14:39:22.659+0530: 7.435: [GC2015-06-25T14:39:22.659+0530: 7.435: [ParNew
Desired survivor size 20112996 bytes, new threshold 8 (max 8)
- age   1:    6194528 bytes,    6194528 total
- age   2:     176040 bytes,    6370568 total
- age   3:     239600 bytes,    6610168 total
- age   4:    3131624 bytes,    9741792 total
- age   5:    1975768 bytes,   11717560 total
: 95513K->13448K(109248K), 0.0219770 secs] 95513K->13448K(502464K), 0.0220660 secs] [Times: user=0.05 sys=0.00, real=0.02 secs] 
Heap after GC invocations=5 (full 0):
 par new generation   total 109248K, used 13448K [0x8ac00000, 0x92c00000, 0x92c00000)
  eden space 87424K,   0% used [0x8ac00000, 0x8ac00000, 0x90160000)
  from space 21824K,  61% used [0x916b0000, 0x923d23d0, 0x92c00000)
  to   space 21824K,   0% used [0x90160000, 0x90160000, 0x916b0000)
 concurrent mark-sweep generation total 393216K, used 0K [0x92c00000, 0xaac00000, 0xaac00000)
 concurrent-mark-sweep perm gen total 17536K, used 17484K [0xaac00000, 0xabd20000, 0xb2c00000)
}
2015-06-25T14:39:22.681+0530: 7.457: Total time for which application threads were stopped: 0.0222610 seconds
2015-06-25T14:39:22.684+0530: 7.460: Total time for which application threads were stopped: 0.0003500 seconds
2015-06-25T14:39:22.685+0530: 7.460: Total time for which application threads were stopped: 0.0000500 seconds
2015-06-25T14:39:22.686+0530: 7.461: Total time for which application threads were stopped: 0.0001150 seconds
2015-06-25T14:39:22.687+0530: 7.463: Total time for which application threads were stopped: 0.0011160 seconds
2015-06-25T14:39:22.687+0530: 7.463: Total time for which application threads were stopped: 0.0000420 seconds
2015-06-25T14:39:22.687+0530: 7.463: Total time for which application threads were stopped: 0.0000410 seconds
2015-06-25T14:39:22.687+0530: 7.463: Total time for which application threads were stopped: 0.0000380 seconds
2015-06-25T14:39:22.687+0530: 7.463: Total time for which application threads were stopped: 0.0000440 seconds
2015-06-25T14:39:22.687+0530: 7.463: Total time for which application threads were stopped: 0.0000310 seconds
2015-06-25T14:39:22.687+0530: 7.463: Total time for which application threads were stopped: 0.0001390 seconds
2015-06-25T14:39:22.688+0530: 7.463: Total time for which application threads were stopped: 0.0000320 seconds
2015-06-25T14:39:22.688+0530: 7.464: Total time for which application threads were stopped: 0.0000470 seconds
2015-06-25T14:39:22.688+0530: 7.464: Total time for which application threads were stopped: 0.0000410 seconds
2015-06-25T14:39:22.688+0530: 7.464: Total time for which application threads were stopped: 0.0000340 seconds
2015-06-25T14:39:22.688+0530: 7.464: Total time for which application threads were stopped: 0.0000770 seconds
2015-06-25T14:39:22.813+0530: 7.588: Total time for which application threads were stopped: 0.0001300 seconds
2015-06-25T14:39:22.813+0530: 7.589: Total time for which application threads were stopped: 0.0000620 seconds
2015-06-25T14:39:22.814+0530: 7.590: Total time for which application threads were stopped: 0.0001140 seconds
2015-06-25T14:39:22.837+0530: 7.613: Total time for which application threads were stopped: 0.0001940 seconds
2015-06-25T14:39:22.878+0530: 7.654: Total time for which application threads were stopped: 0.0001010 seconds
2015-06-25T14:39:22.878+0530: 7.654: Total time for which application threads were stopped: 0.0001180 seconds
2015-06-25T14:39:23.706+0530: 8.482: Total time for which application threads were stopped: 0.0001240 seconds
2015-06-25T14:39:23.706+0530: 8.482: Total time for which application threads were stopped: 0.0000480 seconds
2015-06-25T14:39:23.708+0530: 8.484: Total time for which application threads were stopped: 0.0000770 seconds
2015-06-25T14:39:23.708+0530: 8.484: Total time for which application threads were stopped: 0.0000290 seconds
2015-06-25T14:39:23.715+0530: 8.491: Total time for which application threads were stopped: 0.0000750 seconds
2015-06-25T14:39:23.768+0530: 8.543: Total time for which application threads were stopped: 0.0001000 seconds
2015-06-25T14:39:23.768+0530: 8.544: Total time for which application threads were stopped: 0.0000480 seconds
2015-06-25T14:39:23.777+0530: 8.553: Total time for which application threads were stopped: 0.0001030 seconds
2015-06-25T14:39:23.864+0530: 8.640: Total time for which application threads were stopped: 0.0000910 seconds
2015-06-25T14:39:23.880+0530: 8.655: Total time for which application threads were stopped: 0.0000780 seconds
2015-06-25T14:39:23.939+0530: 8.715: Total time for which application threads were stopped: 0.0000930 seconds
2015-06-25T14:39:23.939+0530: 8.715: Total time for which application threads were stopped: 0.0000910 seconds
2015-06-25T14:39:23.939+0530: 8.715: Total time for which application threads were stopped: 0.0000930 seconds
2015-06-25T14:39:23.939+0530: 8.715: Total time for which application threads were stopped: 0.0000590 seconds
2015-06-25T14:39:23.939+0530: 8.715: Total time for which application threads were stopped: 0.0000840 seconds
2015-06-25T14:39:23.940+0530: 8.715: Total time for which application threads were stopped: 0.0000580 seconds
2015-06-25T14:39:23.940+0530: 8.716: Total time for which application threads were stopped: 0.0000820 seconds
2015-06-25T14:39:23.940+0530: 8.716: Total time for which application threads were stopped: 0.0000570 seconds
2015-06-25T14:39:23.940+0530: 8.716: Total time for which application threads were stopped: 0.0000560 seconds
2015-06-25T14:39:23.940+0530: 8.716: Total time for which application threads were stopped: 0.0000510 seconds
2015-06-25T14:39:23.940+0530: 8.716: Total time for which application threads were stopped: 0.0000530 seconds
2015-06-25T14:39:23.940+0530: 8.716: Total time for which application threads were stopped: 0.0000520 seconds
2015-06-25T14:39:23.940+0530: 8.716: Total time for which application threads were stopped: 0.0000520 seconds
2015-06-25T14:39:23.941+0530: 8.716: Total time for which application threads were stopped: 0.0000540 seconds
2015-06-25T14:39:23.941+0530: 8.717: Total time for which application threads were stopped: 0.0000530 seconds
2015-06-25T14:39:23.941+0530: 8.717: Total time for which application threads were stopped: 0.0000560 seconds
2015-06-25T14:39:23.941+0530: 8.717: Total time for which application threads were stopped: 0.0000530 seconds
2015-06-25T14:39:23.941+0530: 8.717: Total time for which application threads were stopped: 0.0000530 seconds
2015-06-25T14:39:23.941+0530: 8.717: Total time for which application threads were stopped: 0.0000580 seconds
2015-06-25T14:39:23.941+0530: 8.717: Total time for which application threads were stopped: 0.0000220 seconds
2015-06-25T14:39:23.941+0530: 8.717: Total time for which application threads were stopped: 0.0000990 seconds
2015-06-25T14:39:23.941+0530: 8.717: Total time for which application threads were stopped: 0.0000230 seconds
2015-06-25T14:39:23.943+0530: 8.719: Total time for which application threads were stopped: 0.0000410 seconds
2015-06-25T14:39:23.943+0530: 8.719: Total time for which application threads were stopped: 0.0000250 seconds
2015-06-25T14:39:23.943+0530: 8.719: Total time for which application threads were stopped: 0.0000230 seconds
2015-06-25T14:39:23.956+0530: 8.732: Total time for which application threads were stopped: 0.0001140 seconds
2015-06-25T14:39:23.959+0530: 8.735: Total time for which application threads were stopped: 0.0000620 seconds
2015-06-25T14:39:23.959+0530: 8.735: Total time for which application threads were stopped: 0.0000540 seconds
2015-06-25T14:39:23.959+0530: 8.735: Total time for which application threads were stopped: 0.0000610 seconds
2015-06-25T14:39:23.960+0530: 8.736: Total time for which application threads were stopped: 0.0000790 seconds
2015-06-25T14:39:24.016+0530: 8.791: Total time for which application threads were stopped: 0.0000880 seconds
2015-06-25T14:39:24.016+0530: 8.792: Total time for which application threads were stopped: 0.0000490 seconds
2015-06-25T14:39:24.109+0530: 8.885: Total time for which application threads were stopped: 0.0000520 seconds
2015-06-25T14:39:24.109+0530: 8.885: Total time for which application threads were stopped: 0.0000290 seconds
2015-06-25T14:39:24.121+0530: 8.897: Total time for which application threads were stopped: 0.0001530 seconds
2015-06-25T14:39:24.172+0530: 8.947: Total time for which application threads were stopped: 0.0000490 seconds
2015-06-25T14:39:24.172+0530: 8.948: Total time for which application threads were stopped: 0.0000230 seconds
2015-06-25T14:39:24.172+0530: 8.948: Total time for which application threads were stopped: 0.0000390 seconds
2015-06-25T14:39:24.181+0530: 8.957: Total time for which application threads were stopped: 0.0000660 seconds
2015-06-25T14:39:24.201+0530: 8.977: Total time for which application threads were stopped: 0.0000800 seconds
2015-06-25T14:39:24.211+0530: 8.987: Total time for which application threads were stopped: 0.0001600 seconds
2015-06-25T14:39:24.234+0530: 9.010: Total time for which application threads were stopped: 0.0000840 seconds
2015-06-25T14:39:24.695+0530: 9.470: Total time for which application threads were stopped: 0.0001020 seconds
2015-06-25T14:39:24.696+0530: 9.472: Total time for which application threads were stopped: 0.0000580 seconds
2015-06-25T14:39:24.697+0530: 9.473: Total time for which application threads were stopped: 0.0000760 seconds
2015-06-25T14:39:24.698+0530: 9.474: Total time for which application threads were stopped: 0.0000900 seconds
2015-06-25T14:39:24.797+0530: 9.573: Total time for which application threads were stopped: 0.0001070 seconds
2015-06-25T14:39:29.798+0530: 14.574: Total time for which application threads were stopped: 0.0001920 seconds
2015-06-25T14:39:29.814+0530: 14.590: Total time for which application threads were stopped: 0.0000740 seconds
2015-06-25T14:39:30.814+0530: 15.590: Total time for which application threads were stopped: 0.0002260 seconds
2015-06-25T14:39:41.247+0530: 26.023: Total time for which application threads were stopped: 0.0001690 seconds
2015-06-25T14:39:49.452+0530: 34.227: Total time for which application threads were stopped: 0.0001430 seconds
2015-06-25T14:39:49.453+0530: 34.229: Total time for which application threads were stopped: 0.0000760 seconds
2015-06-25T14:39:49.453+0530: 34.229: Total time for which application threads were stopped: 0.0000470 seconds
2015-06-25T14:39:49.461+0530: 34.237: Total time for which application threads were stopped: 0.0000960 seconds
2015-06-25T14:39:49.463+0530: 34.238: Total time for which application threads were stopped: 0.0000620 seconds
2015-06-25T14:39:49.463+0530: 34.239: Total time for which application threads were stopped: 0.0000440 seconds
2015-06-25T14:39:49.468+0530: 34.244: Total time for which application threads were stopped: 0.0000790 seconds
2015-06-25T14:39:49.469+0530: 34.245: Total time for which application threads were stopped: 0.0000650 seconds
2015-06-25T14:39:49.469+0530: 34.245: Total time for which application threads were stopped: 0.0000560 seconds
2015-06-25T14:39:49.469+0530: 34.245: Total time for which application threads were stopped: 0.0000660 seconds
2015-06-25T14:39:49.469+0530: 34.245: Total time for which application threads were stopped: 0.0000480 seconds
2015-06-25T14:39:49.470+0530: 34.245: Total time for which application threads were stopped: 0.0000480 seconds
2015-06-25T14:39:49.470+0530: 34.246: Total time for which application threads were stopped: 0.0000640 seconds
2015-06-25T14:39:49.470+0530: 34.246: Total time for which application threads were stopped: 0.0000550 seconds
2015-06-25T14:39:49.470+0530: 34.246: Total time for which application threads were stopped: 0.0000440 seconds
2015-06-25T14:39:49.470+0530: 34.246: Total time for which application threads were stopped: 0.0000370 seconds
2015-06-25T14:39:49.470+0530: 34.246: Total time for which application threads were stopped: 0.0000630 seconds
2015-06-25T14:39:49.471+0530: 34.246: Total time for which application threads were stopped: 0.0000490 seconds
2015-06-25T14:39:49.471+0530: 34.247: Total time for which application threads were stopped: 0.0000650 seconds
2015-06-25T14:39:49.471+0530: 34.247: Total time for which application threads were stopped: 0.0000560 seconds
2015-06-25T14:39:49.471+0530: 34.247: Total time for which application threads were stopped: 0.0000550 seconds
2015-06-25T14:39:49.471+0530: 34.247: Total time for which application threads were stopped: 0.0000550 seconds
2015-06-25T14:39:49.471+0530: 34.247: Total time for which application threads were stopped: 0.0000550 seconds
2015-06-25T14:39:49.471+0530: 34.247: Total time for which application threads were stopped: 0.0000550 seconds
2015-06-25T14:39:49.472+0530: 34.247: Total time for which application threads were stopped: 0.0000560 seconds
2015-06-25T14:39:49.472+0530: 34.248: Total time for which application threads were stopped: 0.0000520 seconds
2015-06-25T14:39:49.472+0530: 34.248: Total time for which application threads were stopped: 0.0001440 seconds
2015-06-25T14:39:49.472+0530: 34.248: Total time for which application threads were stopped: 0.0000480 seconds
2015-06-25T14:39:49.472+0530: 34.248: Total time for which application threads were stopped: 0.0000470 seconds
2015-06-25T14:39:49.472+0530: 34.248: Total time for which application threads were stopped: 0.0000470 seconds
2015-06-25T14:39:49.473+0530: 34.248: Total time for which application threads were stopped: 0.0000460 seconds
{Heap before GC invocations=5 (full 0):
 par new generation   total 109248K, used 100872K [0x8ac00000, 0x92c00000, 0x92c00000)
  eden space 87424K, 100% used [0x8ac00000, 0x90160000, 0x90160000)
  from space 21824K,  61% used [0x916b0000, 0x923d23d0, 0x92c00000)
  to   space 21824K,   0% used [0x90160000, 0x90160000, 0x916b0000)
 concurrent mark-sweep generation total 393216K, used 0K [0x92c00000, 0xaac00000, 0xaac00000)
 concurrent-mark-sweep perm gen total 21376K, used 21247K [0xaac00000, 0xac0e0000, 0xb2c00000)
2015-06-25T14:39:49.481+0530: 34.257: [GC2015-06-25T14:39:49.481+0530: 34.257: [ParNew
Desired survivor size 20112996 bytes, new threshold 8 (max 8)
- age   1:    8501984 bytes,    8501984 total
- age   2:    2710096 bytes,   11212080 total
- age   3:     175384 bytes,   11387464 total
- age   4:     237896 bytes,   11625360 total
- age   5:    3086840 bytes,   14712200 total
- age   6:    1933936 bytes,   16646136 total
: 100872K->21824K(109248K), 0.0204930 secs] 100872K->21971K(502464K), 0.0208250 secs] [Times: user=0.07 sys=0.01, real=0.02 secs] 
Heap after GC invocations=6 (full 0):
 par new generation   total 109248K, used 21824K [0x8ac00000, 0x92c00000, 0x92c00000)
  eden space 87424K,   0% used [0x8ac00000, 0x8ac00000, 0x90160000)
  from space 21824K, 100% used [0x90160000, 0x916b0000, 0x916b0000)
  to   space 21824K,   0% used [0x916b0000, 0x916b0000, 0x92c00000)
 concurrent mark-sweep generation total 393216K, used 147K [0x92c00000, 0xaac00000, 0xaac00000)
 concurrent-mark-sweep perm gen total 21376K, used 21247K [0xaac00000, 0xac0e0000, 0xb2c00000)
}
2015-06-25T14:39:49.502+0530: 34.278: Total time for which application threads were stopped: 0.0210990 seconds
2015-06-25T14:39:49.503+0530: 34.279: Total time for which application threads were stopped: 0.0001510 seconds
2015-06-25T14:39:49.503+0530: 34.279: Total time for which application threads were stopped: 0.0000340 seconds
2015-06-25T14:39:49.503+0530: 34.279: Total time for which application threads were stopped: 0.0000340 seconds
2015-06-25T14:39:49.518+0530: 34.294: Total time for which application threads were stopped: 0.0000940 seconds
2015-06-25T14:39:49.519+0530: 34.295: Total time for which application threads were stopped: 0.0000520 seconds
2015-06-25T14:39:49.536+0530: 34.312: Total time for which application threads were stopped: 0.0001080 seconds
2015-06-25T14:39:49.537+0530: 34.313: Total time for which application threads were stopped: 0.0000670 seconds
2015-06-25T14:39:50.537+0530: 35.313: Total time for which application threads were stopped: 0.0002000 seconds
2015-06-25T14:39:57.988+0530: 42.764: Total time for which application threads were stopped: 0.0003860 seconds
2015-06-25T14:39:58.069+0530: 42.845: Total time for which application threads were stopped: 0.0000580 seconds
2015-06-25T14:39:58.070+0530: 42.845: Total time for which application threads were stopped: 0.0000330 seconds
2015-06-25T14:39:58.070+0530: 42.846: Total time for which application threads were stopped: 0.0000310 seconds
2015-06-25T14:39:59.070+0530: 43.846: Total time for which application threads were stopped: 0.0002180 seconds
2015-06-25T14:40:13.072+0530: 57.847: Total time for which application threads were stopped: 0.0001760 seconds
2015-06-25T14:40:13.445+0530: 58.221: Total time for which application threads were stopped: 0.0000840 seconds
2015-06-25T14:40:13.445+0530: 58.221: Total time for which application threads were stopped: 0.0000460 seconds
2015-06-25T14:40:13.446+0530: 58.221: Total time for which application threads were stopped: 0.0000830 seconds
2015-06-25T14:40:13.446+0530: 58.222: Total time for which application threads were stopped: 0.0000390 seconds
2015-06-25T14:40:13.446+0530: 58.222: Total time for which application threads were stopped: 0.0000390 seconds
2015-06-25T14:40:13.446+0530: 58.222: Total time for which application threads were stopped: 0.0000450 seconds
2015-06-25T14:40:13.446+0530: 58.222: Total time for which application threads were stopped: 0.0000400 seconds
2015-06-25T14:40:13.446+0530: 58.222: Total time for which application threads were stopped: 0.0000350 seconds
2015-06-25T14:40:13.446+0530: 58.222: Total time for which application threads were stopped: 0.0000350 seconds
2015-06-25T14:40:13.447+0530: 58.223: Total time for which application threads were stopped: 0.0000410 seconds
2015-06-25T14:40:13.452+0530: 58.227: Total time for which application threads were stopped: 0.0000790 seconds
2015-06-25T14:40:13.452+0530: 58.228: Total time for which application threads were stopped: 0.0000440 seconds
2015-06-25T14:40:13.452+0530: 58.228: Total time for which application threads were stopped: 0.0000490 seconds
2015-06-25T14:40:14.452+0530: 59.228: Total time for which application threads were stopped: 0.0001870 seconds
2015-06-25T14:40:16.453+0530: 61.228: Total time for which application threads were stopped: 0.0001250 seconds
2015-06-25T14:41:11.253+0530: 116.029: Total time for which application threads were stopped: 0.0002080 seconds
2015-06-25T14:43:00.026+0530: 224.801: Total time for which application threads were stopped: 0.0001550 seconds
2015-06-25T14:43:00.1